<?php return array (
  0 => 'Symfony\\Bundle\\FrameworkBundle\\Templating\\GlobalVariables',
  1 => 'Symfony\\Bundle\\FrameworkBundle\\Templating\\TemplateReference',
  2 => 'Symfony\\Bundle\\FrameworkBundle\\Templating\\TemplateNameParser',
  3 => 'Symfony\\Bundle\\FrameworkBundle\\Templating\\Loader\\TemplateLocator',
  4 => 'Symfony\\Component\\Config\\FileLocator',
  5 => 'Symfony\\Component\\Debug\\ErrorHandler',
  6 => 'Symfony\\Component\\EventDispatcher\\Event',
  7 => 'Symfony\\Component\\EventDispatcher\\ContainerAwareEventDispatcher',
  8 => 'Symfony\\Component\\HttpKernel\\EventListener\\ResponseListener',
  9 => 'Symfony\\Component\\HttpKernel\\EventListener\\RouterListener',
  10 => 'Symfony\\Component\\HttpKernel\\Controller\\ControllerResolver',
  11 => 'Symfony\\Component\\HttpKernel\\Event\\KernelEvent',
  12 => 'Symfony\\Component\\HttpKernel\\Event\\FilterControllerEvent',
  13 => 'Symfony\\Component\\HttpKernel\\Event\\FilterResponseEvent',
  14 => 'Symfony\\Component\\HttpKernel\\Event\\GetResponseEvent',
  15 => 'Symfony\\Component\\HttpKernel\\Event\\GetResponseForControllerResultEvent',
  16 => 'Symfony\\Component\\HttpKernel\\Event\\GetResponseForExceptionEvent',
  17 => 'Symfony\\Component\\HttpKernel\\KernelEvents',
  18 => 'Symfony\\Component\\HttpKernel\\Config\\FileLocator',
  19 => 'Symfony\\Bundle\\FrameworkBundle\\Controller\\ControllerNameParser',
  20 => 'Symfony\\Bundle\\FrameworkBundle\\Controller\\ControllerResolver',
  21 => 'Twig_Environment',
  22 => 'Twig_Extension',
  23 => 'Twig_Extension_Core',
  24 => 'Twig_Extension_Escaper',
  25 => 'Twig_Extension_Optimizer',
  26 => 'Twig_LoaderInterface',
  27 => 'Twig_Markup',
  28 => 'Twig_Template',
  29 => 'Monolog\\Formatter\\FormatterInterface',
  30 => 'Monolog\\Formatter\\LineFormatter',
  31 => 'Monolog\\Handler\\HandlerInterface',
  32 => 'Monolog\\Handler\\AbstractHandler',
  33 => 'Monolog\\Handler\\AbstractProcessingHandler',
  34 => 'Monolog\\Handler\\StreamHandler',
  35 => 'Monolog\\Handler\\FingersCrossedHandler',
  36 => 'Monolog\\Handler\\FilterHandler',
  37 => 'Monolog\\Handler\\TestHandler',
  38 => 'Monolog\\Logger',
  39 => 'Symfony\\Bridge\\Monolog\\Logger',
  40 => 'Symfony\\Bridge\\Monolog\\Handler\\DebugHandler',
  41 => 'Monolog\\Handler\\FingersCrossed\\ActivationStrategyInterface',
  42 => 'Monolog\\Handler\\FingersCrossed\\ErrorLevelActivationStrategy',
  43 => 'Doctrine\\Common\\Annotations\\DocLexer',
  44 => 'Doctrine\\Common\\Annotations\\FileCacheReader',
  45 => 'Doctrine\\Common\\Annotations\\PhpParser',
  46 => 'Doctrine\\Common\\Annotations\\Reader',
  47 => 'Doctrine\\Common\\Lexer',
  48 => 'Doctrine\\Common\\Persistence\\ConnectionRegistry',
  49 => 'Doctrine\\Common\\Persistence\\Proxy',
  50 => 'Doctrine\\Common\\Util\\ClassUtils',
  51 => 'Doctrine\\Bundle\\DoctrineBundle\\Registry',
  52 => 'Sensio\\Bundle\\FrameworkExtraBundle\\EventListener\\ControllerListener',
  53 => 'Sensio\\Bundle\\FrameworkExtraBundle\\EventListener\\ParamConverterListener',
  54 => 'Sensio\\Bundle\\FrameworkExtraBundle\\Request\\ParamConverter\\DateTimeParamConverter',
  55 => 'Sensio\\Bundle\\FrameworkExtraBundle\\Request\\ParamConverter\\DoctrineParamConverter',
  56 => 'Sensio\\Bundle\\FrameworkExtraBundle\\Request\\ParamConverter\\ParamConverterInterface',
  57 => 'Sensio\\Bundle\\FrameworkExtraBundle\\Request\\ParamConverter\\ParamConverterManager',
  58 => 'Sensio\\Bundle\\FrameworkExtraBundle\\EventListener\\TemplateListener',
  59 => 'Sensio\\Bundle\\FrameworkExtraBundle\\EventListener\\HttpCacheListener',
  60 => 'Sensio\\Bundle\\FrameworkExtraBundle\\EventListener\\SecurityListener',
  61 => 'Sensio\\Bundle\\FrameworkExtraBundle\\Configuration\\ConfigurationAnnotation',
);